../Core/Src/InverterControlFunctions.c:124:6:compute_duty_cycle	32	static
../Core/Src/InverterControlFunctions.c:196:7:low_pass_filter	24	static
../Core/Src/InverterControlFunctions.c:208:7:ACCurrentMeasProcessing	24	static
../Core/Src/InverterControlFunctions.c:215:7:ACVoltageMeasProcessing	24	static
../Core/Src/InverterControlFunctions.c:222:7:DCVoltageMeasProcessing	24	static
../Core/Src/InverterControlFunctions.c:229:6:AnalogMeasRoutine	24	static
../Core/Src/InverterControlFunctions.c:249:6:FaultHandlingRoutine	16	static
../Core/Src/InverterControlFunctions.c:259:6:signalsManagmentRoutine	8	static
../Core/Src/InverterControlFunctions.c:270:6:initInverterManagementStructure	16	static
../Core/Src/InverterControlFunctions.c:291:6:initSineLookupTable	16	static
../Core/Src/InverterControlFunctions.c:298:6:functionalTestRoutine	24	static
