../Drivers/CMSIS/Include/core_cm7.h:2229:22:SCB_EnableICache	4	static,ignoring_inline_asm
../Core/Src/main.c:96:5:main	8	static
../Core/Src/main.c:163:6:SystemClock_Config	88	static
../Core/Src/main.c:216:13:MX_ADC1_Init	40	static
../Core/Src/main.c:279:13:MX_ADC2_Init	24	static
../Core/Src/main.c:329:13:MX_ADC3_Init	24	static
../Core/Src/main.c:379:13:MX_CAN1_Init	8	static
../Core/Src/main.c:416:13:MX_DAC_Init	16	static
../Core/Src/main.c:456:13:MX_I2C1_Init	8	static
../Core/Src/main.c:504:13:MX_I2C2_Init	8	static
../Core/Src/main.c:552:13:MX_TIM1_Init	96	static
../Core/Src/main.c:634:13:MX_TIM2_Init	48	static
../Core/Src/main.c:688:13:MX_TIM8_Init	112	static
../Core/Src/main.c:781:13:MX_USART3_UART_Init	8	static
../Core/Src/main.c:814:13:MX_DMA_Init	16	static
../Core/Src/main.c:836:13:MX_GPIO_Init	64	static
../Core/Src/main.c:977:6:Error_Handler	4	static,ignoring_inline_asm
