../Core/Src/stm32f7xx_hal_msp.c:69:6:HAL_MspInit	8	static
../Core/Src/stm32f7xx_hal_msp.c:91:6:HAL_ADC_MspInit	96	static
../Core/Src/stm32f7xx_hal_msp.c:263:6:HAL_ADC_MspDeInit	8	static
../Core/Src/stm32f7xx_hal_msp.c:381:6:HAL_CAN_MspInit	40	static
../Core/Src/stm32f7xx_hal_msp.c:417:6:HAL_CAN_MspDeInit	0	static
../Core/Src/stm32f7xx_hal_msp.c:446:6:HAL_DAC_MspInit	40	static
../Core/Src/stm32f7xx_hal_msp.c:479:6:HAL_DAC_MspDeInit	0	static
../Core/Src/stm32f7xx_hal_msp.c:507:6:HAL_I2C_MspInit	176	static
../Core/Src/stm32f7xx_hal_msp.c:586:6:HAL_I2C_MspDeInit	8	static
../Core/Src/stm32f7xx_hal_msp.c:637:6:HAL_TIM_PWM_MspInit	8	static
../Core/Src/stm32f7xx_hal_msp.c:670:6:HAL_TIM_Base_MspInit	16	static
../Core/Src/stm32f7xx_hal_msp.c:689:6:HAL_TIM_MspPostInit	64	static
../Core/Src/stm32f7xx_hal_msp.c:791:6:HAL_TIM_PWM_MspDeInit	0	static
../Core/Src/stm32f7xx_hal_msp.c:824:6:HAL_TIM_Base_MspDeInit	0	static
../Core/Src/stm32f7xx_hal_msp.c:849:6:HAL_UART_MspInit	176	static
../Core/Src/stm32f7xx_hal_msp.c:918:6:HAL_UART_MspDeInit	8	static
