../Core/Src/stm32f7xx_hal_msp.c:69:6:HAL_MspInit	8	static
../Core/Src/stm32f7xx_hal_msp.c:91:6:HAL_ADC_MspInit	96	static
../Core/Src/stm32f7xx_hal_msp.c:263:6:HAL_ADC_MspDeInit	8	static
../Core/Src/stm32f7xx_hal_msp.c:381:6:HAL_CAN_MspInit	40	static
../Core/Src/stm32f7xx_hal_msp.c:417:6:HAL_CAN_MspDeInit	0	static
../Core/Src/stm32f7xx_hal_msp.c:446:6:HAL_DAC_MspInit	40	static
../Core/Src/stm32f7xx_hal_msp.c:480:6:HAL_DAC_MspDeInit	0	static
../Core/Src/stm32f7xx_hal_msp.c:509:6:HAL_I2C_MspInit	176	static
../Core/Src/stm32f7xx_hal_msp.c:588:6:HAL_I2C_MspDeInit	8	static
../Core/Src/stm32f7xx_hal_msp.c:639:6:HAL_TIM_PWM_MspInit	8	static
../Core/Src/stm32f7xx_hal_msp.c:672:6:HAL_TIM_Base_MspInit	16	static
../Core/Src/stm32f7xx_hal_msp.c:691:6:HAL_TIM_MspPostInit	64	static
../Core/Src/stm32f7xx_hal_msp.c:793:6:HAL_TIM_PWM_MspDeInit	0	static
../Core/Src/stm32f7xx_hal_msp.c:826:6:HAL_TIM_Base_MspDeInit	0	static
../Core/Src/stm32f7xx_hal_msp.c:851:6:HAL_UART_MspInit	176	static
../Core/Src/stm32f7xx_hal_msp.c:920:6:HAL_UART_MspDeInit	8	static
